[2026-03-05 10:47:24] Asistencia registrada: ari (score 0.64)
[2026-03-05 10:47:56] Asistencia registrada: ari (score 0.71)
[2026-03-06 16:30:38] Asistencia registrada: ari (score: 0.61)
[2026-03-20 10:28:16] Asistencia registrada: ari (score: 0.67)
[2026-03-20 10:29:52] Asistencia registrada: ari (score: 0.64)
[2026-03-20 12:06:34] Asistencia registrada: ari
[2026-03-23 08:08:06] Asistencia registrada: ari
[2026-03-23 08:30:04] Asistencia registrada: ari
[2026-03-23 08:40:45] Asistencia registrada: ari
[2026-03-23 08:42:11] Asistencia registrada: ari
[2026-03-23 10:36:55] Asistencia registrada: Ari
[2026-03-23 10:38:27] Asistencia registrada: Ari
[2026-03-23 10:52:09] Asistencia registrada: Ari
[2026-03-25 10:33:37] Asistencia registrada: Ari  (0.81)
[2026-03-25 11:55:49] Asistencia registrada: Ari (0.86)
[2026-03-25 12:33:28] Asistencia registrada: Ari (0.76)
[2026-03-27 09:06:51] Asistencia registrada: Ari (0.78)
[2026-04-01 20:02:19] Asistencia registrada: Ari Papugod (0.79)
[2026-04-01 20:20:37] Asistencia registrada: Ari
[2026-04-01 20:27:32] Asistencia registrada: Ari
[2026-04-06 14:56:51] Asistencia registrada: ulises
[2026-04-06 14:57:01] Asistencia registrada: ulises
[2026-04-06 15:01:29] Asistencia registrada: ulises
[2026-04-06 15:02:22] Asistencia registrada: ulises
[2026-04-06 15:02:52] Asistencia registrada: ulises
[2026-04-06 15:03:32] Asistencia registrada: ulises
[2026-04-06 15:05:41] Asistencia registrada: ulises
[2026-04-06 15:06:07] Asistencia registrada: ulises
[2026-04-06 15:53:15] Asistencia registrada: ulisess
[2026-04-06 15:53:37] Asistencia registrada: ulisess
[2026-04-06 15:54:00] Asistencia registrada: ulisess
[2026-04-06 16:15:59] Asistencia registrada: ines
[2026-04-06 16:16:09] Asistencia registrada: ines
[2026-04-06 16:16:19] Asistencia registrada: ines
[2026-04-06 16:17:05] Asistencia registrada: ines
[2026-04-06 16:19:14] Asistencia registrada: ines
[2026-04-06 16:22:55] Asistencia registrada: ulises2
[2026-04-06 16:23:17] Asistencia registrada: ulises2
[2026-04-06 16:23:27] Asistencia registrada: ulises2
[2026-04-06 16:23:38] Asistencia registrada: ulises2
[2026-04-06 16:24:07] Asistencia registrada: ines
[2026-04-06 16:24:17] Asistencia registrada: ines
[2026-04-06 16:24:36] Asistencia registrada: ines
[2026-04-06 16:24:39] Asistencia registrada: ulises2
[2026-04-06 16:24:46] Asistencia registrada: ines
[2026-04-06 16:24:56] Asistencia registrada: ines
[2026-04-06 16:25:06] Asistencia registrada: ines
[2026-04-06 16:25:51] Asistencia registrada: ines
[2026-04-06 16:26:03] Asistencia registrada: ines
[2026-04-06 16:26:04] Asistencia registrada: ulises2
[2026-04-07 13:16:02] Asistencia registrada: ulisees
[2026-04-07 13:16:05] Asistencia registrada: uuuuu
[2026-04-07 13:16:13] Asistencia registrada: ulisees
[2026-04-07 13:16:16] Asistencia registrada: uuuuu
[2026-04-07 13:16:19] Asistencia registrada: 2
[2026-04-07 13:16:31] Asistencia registrada: ulisees
[2026-04-07 13:16:35] Asistencia registrada: 2
[2026-04-07 13:16:40] Asistencia registrada: uuuuu
[2026-04-07 13:16:48] Asistencia registrada: 2
[2026-04-07 13:17:18] Asistencia registrada: uuuuu
[2026-04-07 13:17:22] Asistencia registrada: 2
[2026-04-08 19:27:12] Asistencia registrada: Ulises3
[2026-04-08 19:27:22] Asistencia registrada: Ulises3
[2026-04-08 19:27:36] Asistencia registrada: Ulises3
[2026-04-08 19:27:46] Asistencia registrada: Ulises3
[2026-04-08 19:27:56] Asistencia registrada: Ulises3
[2026-04-08 19:28:06] Asistencia registrada: Ulises3
[2026-04-08 19:28:17] Asistencia registrada: Ulises3
[2026-04-08 19:28:32] Asistencia registrada: Ulises3
[2026-04-08 19:28:44] Asistencia registrada: Ulises3
[2026-04-08 19:28:54] Asistencia registrada: Ulises3
[2026-04-08 19:29:04] Asistencia registrada: Ulises3
[2026-04-08 19:29:17] Asistencia registrada: Ulises3
[2026-04-08 19:29:27] Asistencia registrada: Ulises3
[2026-04-08 19:29:37] Asistencia registrada: Ulises3
[2026-04-08 19:29:48] Asistencia registrada: Ulises3
[2026-04-08 19:29:58] Asistencia registrada: Ulises3
[2026-04-08 19:30:09] Asistencia registrada: Ulises3
[2026-04-08 19:30:20] Asistencia registrada: Ulises3
[2026-04-08 19:31:15] Asistencia registrada: Ulises3
[2026-04-08 19:31:18] Asistencia registrada: cesar
[2026-04-08 19:31:25] Asistencia registrada: Ulises3
[2026-04-08 19:31:28] Asistencia registrada: cesar
[2026-04-08 19:31:39] Asistencia registrada: cesar
[2026-04-08 19:31:48] Asistencia registrada: Ulises3
[2026-04-08 19:32:04] Asistencia registrada: Ulises3
[2026-04-08 21:50:40] Asistencia registrada: ulises
[2026-04-08 21:50:47] Asistencia registrada: Ulises3
[2026-04-08 21:50:58] Asistencia registrada: ulises
[2026-04-08 21:51:02] Asistencia registrada: iiii
[2026-04-08 21:51:03] Asistencia registrada: Ulises3
[2026-04-08 21:51:13] Asistencia registrada: iiii
[2026-04-08 21:51:13] Asistencia registrada: Ulises3
[2026-04-08 21:52:16] Asistencia registrada: ulises
[2026-04-08 21:52:26] Asistencia registrada: ulises
[2026-04-08 21:52:38] Asistencia registrada: ulises
[2026-04-08 21:52:50] Asistencia registrada: ulises
[2026-04-08 21:53:01] Asistencia registrada: ulises
[2026-04-08 21:53:11] Asistencia registrada: ulises
[2026-04-08 21:53:22] Asistencia registrada: ulises
[2026-04-12 23:13:29] Asistencia registrada: ulises
[2026-04-12 23:46:33] Asistencia registrada: tic-321089
[2026-04-12 23:46:47] Asistencia registrada: tic-321089
[2026-04-12 23:46:59] Asistencia registrada: tic-321089
[2026-04-12 23:47:12] Asistencia registrada: tic-321089
[2026-04-12 23:47:22] Asistencia registrada: tic-321089
[2026-04-12 23:47:33] Asistencia registrada: tic-321089
[2026-04-12 23:47:48] Asistencia registrada: tic-321089
[2026-04-12 23:48:01] Asistencia registrada: tic-321089
[2026-04-12 23:48:11] Asistencia registrada: tic-321089
[2026-04-12 23:48:24] Asistencia registrada: tic-321089
[2026-04-12 23:49:14] Asistencia registrada: tic-321089
[2026-04-13 00:07:17] Asistencia registrada: tic-00001
[2026-04-13 00:07:20] Asistencia registrada: prueba
[2026-04-13 00:07:38] Asistencia registrada: tic-00001
[2026-04-13 00:07:48] Asistencia registrada: tic-00001
[2026-04-13 00:07:55] Asistencia registrada: prueba
[2026-04-13 00:08:29] Asistencia registrada: tic-00001
[2026-04-13 00:09:12] Asistencia registrada: tic-00001
[2026-04-13 00:09:17] Asistencia registrada: prueba
[2026-04-13 00:09:22] Asistencia registrada: tic-00001
[2026-04-13 00:13:28] Asistencia registrada: tic-00001
[2026-04-13 00:13:38] Asistencia registrada: tic-00001
[2026-04-13 00:13:48] Asistencia registrada: tic-00001
[2026-04-13 00:14:12] Asistencia registrada: prueba
[2026-04-13 00:14:27] Asistencia registrada: prueba
[2026-04-13 00:14:40] Asistencia registrada: prueba
[2026-04-13 09:05:09] Asistencia registrada: tic-00000
[2026-04-13 09:11:13] Asistencia registrada: tic-00000
[2026-04-13 09:12:59] Asistencia registrada: ulises 
[2026-04-13 09:13:11] Asistencia registrada: ulises 
[2026-04-13 09:15:16] Asistencia registrada: ulises 
[2026-04-13 09:15:28] Asistencia registrada: ulises 
[2026-04-13 09:19:40] Asistencia registrada: tic-0002
[2026-04-13 09:20:01] Asistencia registrada: ulises 
[2026-04-13 09:21:35] Asistencia registrada: cesar
[2026-04-13 09:21:46] Asistencia registrada: cesar
